V3 6
FL C:/Users/puber/Desktop/FinalDisplay/FinalDisplay.vhd 2021/04/19.18:47:52 P.20131013
FL "C:/Users/pubiboi/Nextcloud/School/Digital/ISE project/FinalDisplay/FinalDisplay.vhd" 2021/04/18.23:43:26 P.20131013
FL C:/Users/Work/Documents/GitHub/FinalDisplay/FinalDisplay.vhd 2021/04/20.17:42:50 P.20131013
EN work/FinalDisplay 1618958576 \
      FL C:/Users/Work/Documents/GitHub/FinalDisplay/FinalDisplay.vhd \
      PB ieee/std_logic_1164 1381692176 PB ieee/NUMERIC_STD 1381692181
AR work/FinalDisplay/Behavioral 1618958577 \
      FL C:/Users/Work/Documents/GitHub/FinalDisplay/FinalDisplay.vhd \
      EN work/FinalDisplay 1618958576
FL "C:/Users/Work/OneDrive - LeTourneau University/15 LETU/21S/EEGR 3213 Dig Elec/Xilinx/FinalDisplay/FinalDisplay.vhd" 2021/04/12.21:38:13 P.20131013
